
Allocating common symbols
Common symbol       size              file

krnl_tcb            0x1158            app2.o
krnl_heap           0x7a120           app2.o
krnl_current_task   0x2               app2.o
krnl_task           0x4               app2.o
krnl_event_queue    0x4               app2.o
krnl_tasks          0x2               app2.o
krnl_pcb            0xc               app2.o
krnl_free           0x4               app2.o
krnl_run_queue      0x4               app2.o
krnl_rt_queue       0x4               app2.o
krnl_schedule       0x2               app2.o
krnl_delay_queue    0x4               app2.o

Discarded input sections

 .text          0x0000000000000000        0x0 app2.o
 .data          0x0000000000000000        0x0 app2.o
 .bss           0x0000000000000000        0x0 app2.o
 .pdr           0x0000000000000000       0x40 app2.o
 .text          0x0000000000000000        0x0 condvar.o
 .data          0x0000000000000000        0x0 condvar.o
 .bss           0x0000000000000000        0x0 condvar.o
 .reginfo       0x0000000000000000       0x18 condvar.o
 .pdr           0x0000000000000000       0xa0 condvar.o
 .mdebug.abi32  0x0000000000000000        0x0 condvar.o
 .text.hf_condinit
                0x0000000000000000       0x68 condvar.o
 .text.hf_conddestroy
                0x0000000000000000       0x60 condvar.o
 .text.hf_condwait
                0x0000000000000000       0xe0 condvar.o
 .text.hf_condsignal
                0x0000000000000000       0x48 condvar.o
 .text.hf_condbroadcast
                0x0000000000000000       0x70 condvar.o
 .comment       0x0000000000000000       0x12 condvar.o
 .gnu.attributes
                0x0000000000000000       0x10 condvar.o
 .scommon       0x0000000000000000        0x0 condvar.o
 .data          0x0000000000000000        0x0 crt0.o
 .bss           0x0000000000000000        0x0 crt0.o
 .reginfo       0x0000000000000000       0x18 crt0.o
 .pdr           0x0000000000000000       0xc0 crt0.o
 .text          0x0000000000000000        0x0 hal.o
 .data          0x0000000000000000        0x0 hal.o
 .bss           0x0000000000000000        0x0 hal.o
 .reginfo       0x0000000000000000       0x18 hal.o
 .pdr           0x0000000000000000      0x2c0 hal.o
 .text.kbhit    0x0000000000000000       0x10 hal.o
 .text.getchar  0x0000000000000000       0x20 hal.o
 .text.delay_us
                0x0000000000000000      0x124 hal.o
 .text.uart_init
                0x0000000000000000       0x34 hal.o
 .text._get_task_tp
                0x0000000000000000       0x2c hal.o
 .text._readcounter
                0x0000000000000000       0x10 hal.o
 .text          0x0000000000000000        0x0 interrupt.o
 .data          0x0000000000000000        0x0 interrupt.o
 .bss           0x0000000000000000        0x0 interrupt.o
 .reginfo       0x0000000000000000       0x18 interrupt.o
 .pdr           0x0000000000000000       0xa0 interrupt.o
 .text._irq_mask_set
                0x0000000000000000       0x18 interrupt.o
 .text._irq_mask_clr
                0x0000000000000000       0x1c interrupt.o
 .text._exception_handler
                0x0000000000000000        0x8 interrupt.o
 .text          0x0000000000000000        0x0 kprintf.o
 .data          0x0000000000000000        0x0 kprintf.o
 .bss           0x0000000000000000        0x0 kprintf.o
 .reginfo       0x0000000000000000       0x18 kprintf.o
 .pdr           0x0000000000000000       0x60 kprintf.o
 .text          0x0000000000000000        0x0 libc.o
 .data          0x0000000000000000        0x0 libc.o
 .bss           0x0000000000000000        0x0 libc.o
 .reginfo       0x0000000000000000       0x18 libc.o
 .pdr           0x0000000000000000      0x640 libc.o
 .text.strcpy   0x0000000000000000       0x24 libc.o
 .text.strcat   0x0000000000000000       0x3c libc.o
 .text.strncat  0x0000000000000000       0x60 libc.o
 .text.strcmp   0x0000000000000000       0x34 libc.o
 .text.strncmp  0x0000000000000000       0x40 libc.o
 .text.strstr   0x0000000000000000       0x64 libc.o
 .text.strlen   0x0000000000000000       0x2c libc.o
 .text.strchr   0x0000000000000000       0x30 libc.o
 .text.strpbrk  0x0000000000000000       0x60 libc.o
 .text.strsep   0x0000000000000000       0x80 libc.o
 .text.strtok   0x0000000000000000       0xa8 libc.o
 .text.memcpy   0x0000000000000000       0x2c libc.o
 .text.memmove  0x0000000000000000       0x70 libc.o
 .text.memcmp   0x0000000000000000       0x5c libc.o
 .text.strtol   0x0000000000000000      0x110 libc.o
 .text.atoi     0x0000000000000000       0xc4 libc.o
 .text.itoa     0x0000000000000000      0x124 libc.o
 .text.puts     0x0000000000000000       0x4c libc.o
 .text.gets     0x0000000000000000       0x74 libc.o
 .text.abs      0x0000000000000000       0x10 libc.o
 .text.srand    0x0000000000000000        0xc libc.o
 .text.sprintf  0x0000000000000000       0x34 libc.o
 .text.malloc   0x0000000000000000        0x8 libc.o
 .text.free     0x0000000000000000        0x8 libc.o
 .text.calloc   0x0000000000000000        0x8 libc.o
 .text.realloc  0x0000000000000000        0x8 libc.o
 .text.__mulsi3
                0x0000000000000000       0x28 libc.o
 .text.__muldsi3
                0x0000000000000000       0xc4 libc.o
 .text.__muldi3
                0x0000000000000000       0xa8 libc.o
 .text.__ashldi3
                0x0000000000000000       0x44 libc.o
 .text.__ashrdi3
                0x0000000000000000       0x3c libc.o
 .text.__lshrdi3
                0x0000000000000000       0x40 libc.o
 .text.__umoddi3
                0x0000000000000000       0x28 libc.o
 .text.__moddi3
                0x0000000000000000       0xb0 libc.o
 .text.__divdi3
                0x0000000000000000       0x78 libc.o
 .bss.last.1092
                0x0000000000000000        0x4 libc.o
 .text          0x0000000000000000        0x0 list.o
 .data          0x0000000000000000        0x0 list.o
 .bss           0x0000000000000000        0x0 list.o
 .reginfo       0x0000000000000000       0x18 list.o
 .pdr           0x0000000000000000       0xe0 list.o
 .mdebug.abi32  0x0000000000000000        0x0 list.o
 .text.hf_list_init
                0x0000000000000000       0x2c list.o
 .text.hf_list_append
                0x0000000000000000       0x60 list.o
 .text.hf_list_insert
                0x0000000000000000       0x88 list.o
 .text.hf_list_remove
                0x0000000000000000       0x5c list.o
 .text.hf_list_get
                0x0000000000000000       0x2c list.o
 .text.hf_list_set
                0x0000000000000000       0x30 list.o
 .text.hf_list_count
                0x0000000000000000       0x20 list.o
 .comment       0x0000000000000000       0x12 list.o
 .gnu.attributes
                0x0000000000000000       0x10 list.o
 .text          0x0000000000000000        0x0 main.o
 .data          0x0000000000000000        0x0 main.o
 .bss           0x0000000000000000        0x0 main.o
 .reginfo       0x0000000000000000       0x18 main.o
 .pdr           0x0000000000000000       0x40 main.o
 .text          0x0000000000000000        0x0 malloc.o
 .data          0x0000000000000000        0x0 malloc.o
 .bss           0x0000000000000000        0x0 malloc.o
 .reginfo       0x0000000000000000       0x18 malloc.o
 .pdr           0x0000000000000000       0xa0 malloc.o
 .text.hf_calloc
                0x0000000000000000       0x5c malloc.o
 .text.hf_realloc
                0x0000000000000000       0x8c malloc.o
 .text          0x0000000000000000        0x0 math.o
 .data          0x0000000000000000        0x0 math.o
 .bss           0x0000000000000000        0x0 math.o
 .reginfo       0x0000000000000000       0x18 math.o
 .pdr           0x0000000000000000        0x0 math.o
 .mdebug.abi32  0x0000000000000000        0x0 math.o
 .comment       0x0000000000000000       0x12 math.o
 .gnu.attributes
                0x0000000000000000       0x10 math.o
 .text          0x0000000000000000        0x0 mutex.o
 .data          0x0000000000000000        0x0 mutex.o
 .bss           0x0000000000000000        0x0 mutex.o
 .reginfo       0x0000000000000000       0x18 mutex.o
 .pdr           0x0000000000000000       0x60 mutex.o
 .text          0x0000000000000000        0x0 panic.o
 .data          0x0000000000000000        0x0 panic.o
 .bss           0x0000000000000000        0x0 panic.o
 .reginfo       0x0000000000000000       0x18 panic.o
 .pdr           0x0000000000000000       0x20 panic.o
 .text          0x0000000000000000        0x0 processor.o
 .data          0x0000000000000000        0x0 processor.o
 .bss           0x0000000000000000        0x0 processor.o
 .reginfo       0x0000000000000000       0x18 processor.o
 .pdr           0x0000000000000000       0x80 processor.o
 .text.hf_freecpu
                0x0000000000000000       0xd4 processor.o
 .text.hf_cpuload
                0x0000000000000000      0x110 processor.o
 .text.hf_freemem
                0x0000000000000000       0x34 processor.o
 .text          0x0000000000000000        0x0 queue.o
 .data          0x0000000000000000        0x0 queue.o
 .bss           0x0000000000000000        0x0 queue.o
 .reginfo       0x0000000000000000       0x18 queue.o
 .pdr           0x0000000000000000      0x120 queue.o
 .text.hf_queue_destroy
                0x0000000000000000       0x44 queue.o
 .text.hf_queue_remtail
                0x0000000000000000       0x6c queue.o
 .text.hf_queue_set
                0x0000000000000000       0x74 queue.o
 .text          0x0000000000000000        0x0 scheduler.o
 .data          0x0000000000000000        0x0 scheduler.o
 .bss           0x0000000000000000        0x0 scheduler.o
 .reginfo       0x0000000000000000       0x18 scheduler.o
 .pdr           0x0000000000000000       0x80 scheduler.o
 .text.sched_rt_edf
                0x0000000000000000      0x298 scheduler.o
 .text          0x0000000000000000        0x0 semaphore.o
 .data          0x0000000000000000        0x0 semaphore.o
 .bss           0x0000000000000000        0x0 semaphore.o
 .reginfo       0x0000000000000000       0x18 semaphore.o
 .pdr           0x0000000000000000       0x80 semaphore.o
 .mdebug.abi32  0x0000000000000000        0x0 semaphore.o
 .text.hf_seminit
                0x0000000000000000       0x84 semaphore.o
 .text.hf_semdestroy
                0x0000000000000000       0x60 semaphore.o
 .text.hf_semwait
                0x0000000000000000       0xb0 semaphore.o
 .text.hf_sempost
                0x0000000000000000       0x84 semaphore.o
 .comment       0x0000000000000000       0x12 semaphore.o
 .gnu.attributes
                0x0000000000000000       0x10 semaphore.o
 .scommon       0x0000000000000000        0x0 semaphore.o
 .text          0x0000000000000000        0x0 task.o
 .data          0x0000000000000000        0x0 task.o
 .bss           0x0000000000000000        0x0 task.o
 .reginfo       0x0000000000000000       0x18 task.o
 .pdr           0x0000000000000000      0x1a0 task.o
 .text.hf_id    0x0000000000000000       0xe0 task.o
 .text.hf_name  0x0000000000000000       0x70 task.o
 .text.hf_selfname
                0x0000000000000000       0x38 task.o
 .text.hf_state
                0x0000000000000000       0x70 task.o
 .text.hf_jobs  0x0000000000000000       0x8c task.o
 .text.hf_dlm   0x0000000000000000       0x70 task.o
 .text.hf_yield
                0x0000000000000000      0x1cc task.o
 .text.hf_block
                0x0000000000000000      0x16c task.o
 .text.hf_resume
                0x0000000000000000      0x170 task.o
 .text.hf_kill  0x0000000000000000      0x364 task.o
 .text.hf_delay
                0x0000000000000000      0x344 task.o

Memory Configuration

Name             Origin             Length             Attributes
rom              0x0000000000000000 0x0000000010000000
ram              0x0000000040000000 0x0000000010000000
ram_top          0x000000004ffffc00 0x0000000000000400
*default*        0x0000000000000000 0xffffffffffffffff

Linker script and memory map

                0x000000004ffffffc                _stack = 0x4ffffffc
                0x0000000000000000                . = 0x0

.text           0x0000000040000000     0x2a00
 *(.text.init)
                0x0000000040000000                _text = .
 *(.text)
 .text          0x0000000040000000      0x2e4 crt0.o
                0x0000000040000000                _entry
                0x0000000040000100                _isr
                0x0000000040000208                _interrupt_set
                0x0000000040000220                setjmp
                0x000000004000025c                longjmp
                0x0000000040000298                _restoreexec
 *(.text.*)
 .text.task     0x00000000400002e4       0x38 app2.o
                0x00000000400002e4                task
 .text.app_main
                0x000000004000031c      0x104 app2.o
                0x000000004000031c                app_main
 .text.putchar  0x0000000040000420       0x20 hal.o
                0x0000000040000420                putchar
 .text.dputchar
                0x0000000040000440       0x10 hal.o
                0x0000000040000440                dputchar
 .text.delay_ms
                0x0000000040000450      0x124 hal.o
                0x0000000040000450                delay_ms
 .text._hardware_init
                0x0000000040000574        0x8 hal.o
                0x0000000040000574                _hardware_init
 .text._vm_init
                0x000000004000057c       0x30 hal.o
                0x000000004000057c                _vm_init
 .text._sched_init
                0x00000000400005ac        0xc hal.o
                0x00000000400005ac                _sched_init
 .text._timer_init
                0x00000000400005b8       0x50 hal.o
                0x00000000400005b8                _timer_init
 .text._irq_init
                0x0000000040000608        0xc hal.o
                0x0000000040000608                _irq_init
 .text._device_init
                0x0000000040000614        0xc hal.o
                0x0000000040000614                _device_init
 .text._task_init
                0x0000000040000620        0xc hal.o
                0x0000000040000620                _task_init
 .text._set_task_sp
                0x000000004000062c       0x2c hal.o
                0x000000004000062c                _set_task_sp
 .text._get_task_sp
                0x0000000040000658       0x2c hal.o
                0x0000000040000658                _get_task_sp
 .text._set_task_tp
                0x0000000040000684       0x2c hal.o
                0x0000000040000684                _set_task_tp
 .text._cpu_idle
                0x00000000400006b0        0x8 hal.o
                0x00000000400006b0                _cpu_idle
 .text._read_us
                0x00000000400006b8       0x90 hal.o
                0x00000000400006b8                _read_us
 .text._timer_reset
                0x0000000040000748       0x18 hal.o
                0x0000000040000748                _timer_reset
 .text._irq_register
                0x0000000040000760       0x38 interrupt.o
                0x0000000040000760                _irq_register
 .text._irq_handler
                0x0000000040000798       0x90 interrupt.o
                0x0000000040000798                _irq_handler
 .text.kitoa.part.0
                0x0000000040000828      0x194 kprintf.o
 .text.kprintf  0x00000000400009bc      0x1f4 kprintf.o
                0x00000000400009bc                kprintf
 .text.dprintf  0x0000000040000bb0      0x20c kprintf.o
                0x0000000040000bb0                dprintf
 .text.printchar
                0x0000000040000dbc       0x28 libc.o
 .text.prints   0x0000000040000de4      0x124 libc.o
 .text.printi   0x0000000040000f08      0x184 libc.o
 .text.print    0x000000004000108c      0x278 libc.o
 .text.strncpy  0x0000000040001304       0x78 libc.o
                0x0000000040001304                strncpy
 .text.memset   0x000000004000137c       0x28 libc.o
                0x000000004000137c                memset
 .text.random   0x00000000400013a4       0x54 libc.o
                0x00000000400013a4                random
 .text.printf   0x00000000400013f8       0x3c libc.o
                0x00000000400013f8                printf
 .text.__udivmodsi4
                0x0000000040001434       0x88 libc.o
                0x0000000040001434                __udivmodsi4
 .text.__divsi3
                0x00000000400014bc       0x54 libc.o
                0x00000000400014bc                __divsi3
 .text.__modsi3
                0x0000000040001510       0x50 libc.o
                0x0000000040001510                __modsi3
 .text.__udivsi3
                0x0000000040001560        0x8 libc.o
                0x0000000040001560                __udivsi3
 .text.__umodsi3
                0x0000000040001568        0x8 libc.o
                0x0000000040001568                __umodsi3
 .text.__udivmoddi4
                0x0000000040001570      0x134 libc.o
                0x0000000040001570                __udivmoddi4
 .text.__udivdi3
                0x00000000400016a4       0x1c libc.o
                0x00000000400016a4                __udivdi3
 .text.idletask
                0x00000000400016c0       0x20 main.o
 .text.startup.main
                0x00000000400016e0      0x2d4 main.o
                0x00000000400016e0                main
 .text.hf_free  0x00000000400019b4       0x5c malloc.o
                0x00000000400019b4                hf_free
 .text.hf_malloc
                0x0000000040001a10      0x164 malloc.o
                0x0000000040001a10                hf_malloc
 .text.heapinit
                0x0000000040001b74       0x30 malloc.o
                0x0000000040001b74                heapinit
 .text.hf_mtxinit
                0x0000000040001ba4        0xc mutex.o
                0x0000000040001ba4                hf_mtxinit
 .text.hf_mtxlock
                0x0000000040001bb0       0x58 mutex.o
                0x0000000040001bb0                hf_mtxlock
 .text.hf_mtxunlock
                0x0000000040001c08        0xc mutex.o
                0x0000000040001c08                hf_mtxunlock
 .text.panic    0x0000000040001c14      0x188 panic.o
                0x0000000040001c14                panic
 .text.hf_schedlock
                0x0000000040001d9c       0x40 processor.o
                0x0000000040001d9c                hf_schedlock
 .text.hf_queue_create
                0x0000000040001ddc       0x70 queue.o
                0x0000000040001ddc                hf_queue_create
 .text.hf_queue_count
                0x0000000040001e4c        0x8 queue.o
                0x0000000040001e4c                hf_queue_count
 .text.hf_queue_addtail
                0x0000000040001e54       0x88 queue.o
                0x0000000040001e54                hf_queue_addtail
 .text.hf_queue_remhead
                0x0000000040001edc       0x6c queue.o
                0x0000000040001edc                hf_queue_remhead
 .text.hf_queue_get
                0x0000000040001f48       0x64 queue.o
                0x0000000040001f48                hf_queue_get
 .text.hf_queue_swap
                0x0000000040001fac       0xbc queue.o
                0x0000000040001fac                hf_queue_swap
 .text.sched_be
                0x0000000040002068      0x114 scheduler.o
                0x0000000040002068                sched_be
 .text.sched_rt
                0x000000004000217c      0x298 scheduler.o
                0x000000004000217c                sched_rt
 .text.dispatch_isr
                0x0000000040002414      0x2a4 scheduler.o
                0x0000000040002414                dispatch_isr
 .text.hf_selfid
                0x00000000400026b8       0x38 task.o
                0x00000000400026b8                hf_selfid
 .text.hf_spawn
                0x00000000400026f0      0x310 task.o
                0x00000000400026f0                hf_spawn
                0x0000000040002a00                _etext = .

.rodata         0x0000000040002a00      0x7c8
                0x0000000040002a00                _rodata = .
 *(.rodata)
 *(.rodata.*)
 .rodata.str1.4
                0x0000000040002a00       0x3b app2.o
                                         0x3c (size before relaxing)
 *fill*         0x0000000040002a3b        0x1 
 .rodata.str1.4
                0x0000000040002a3c       0x7b hal.o
                                         0x7c (size before relaxing)
 *fill*         0x0000000040002ab7        0x1 
 .rodata.str1.4
                0x0000000040002ab8        0xa interrupt.o
                                          0xc (size before relaxing)
 *fill*         0x0000000040002ac2        0x2 
 .rodata.str1.4
                0x0000000040002ac4       0x1b kprintf.o
                                         0x20 (size before relaxing)
 *fill*         0x0000000040002adf        0x1 
 .rodata.str1.4
                0x0000000040002ae0       0x48 libc.o
                                         0x50 (size before relaxing)
 .rodata.str1.4
                0x0000000040002b28      0x1b0 main.o
                                        0x1bc (size before relaxing)
 .rodata.str1.4
                0x0000000040002cd8      0x1a8 panic.o
 .rodata.panic  0x0000000040002e80       0x38 panic.o
 .rodata.str1.4
                0x0000000040002eb8       0x4d processor.o
                                         0x50 (size before relaxing)
 *fill*         0x0000000040002f05        0x3 
 .rodata.str1.4
                0x0000000040002f08       0x21 scheduler.o
                                         0x24 (size before relaxing)
 *fill*         0x0000000040002f29        0x3 
 .rodata.str1.4
                0x0000000040002f2c      0x29c task.o
                                        0x2b0 (size before relaxing)
                0x00000000400031c8                _erodata = .

.data           0x00000000400031c8        0x8
                0x00000000400031c8                _data = .
 *(.data)
 *(.data.*)
 .data.rand1    0x00000000400031c8        0x4 libc.o
 .data.oops.1126
                0x00000000400031cc        0x4 main.o
                0x000000004000b1c0                _gp = (. + 0x7ff0)
 *(.sdata)
 *(.sdata.*)
                0x00000000400031d0                . = ALIGN (0x10)
                0x00000000400031d0                _edata = .

.bss            0x00000000400031d0    0x7b338
                0x00000000400031d0                _bss_start = .
 *(.sbss)
 *(.sbss.*)
 *(.bss)
 *(.bss.*)
 .bss.tref.1275
                0x00000000400031d0        0x4 hal.o
 .bss.tval2.1274
                0x00000000400031d4        0x4 hal.o
 .bss.timeref.1273
                0x00000000400031d8        0x8 hal.o
 .bss.isr       0x00000000400031e0       0x80 interrupt.o
 .bss.buf.976   0x0000000040003260       0x20 kprintf.o
 .bss.krnl_malloc
                0x0000000040003280        0x4 malloc.o
                0x0000000040003284                . = ALIGN (0x4)
                0x0000000040003284                _bss_end = .
 COMMON         0x0000000040003284    0x7b284 app2.o
                0x0000000040003284                krnl_tcb
                0x00000000400043dc                krnl_heap
                0x000000004007e4fc                krnl_pcb
                0x000000004007e508                _end = .
LOAD app2.o
LOAD condvar.o
LOAD crt0.o
LOAD hal.o
LOAD interrupt.o
LOAD kprintf.o
LOAD libc.o
LOAD list.o
LOAD main.o
LOAD malloc.o
LOAD math.o
LOAD mutex.o
LOAD panic.o
LOAD processor.o
LOAD queue.o
LOAD scheduler.o
LOAD semaphore.o
LOAD task.o
OUTPUT(image.elf elf32-bigmips)

.scommon        0x000000004007e508       0x24
 .scommon       0x000000004007e508       0x24 app2.o
                0x000000004007e508                krnl_current_task
                0x000000004007e50c                krnl_task
                0x000000004007e510                krnl_event_queue
                0x000000004007e514                krnl_tasks
                0x000000004007e518                krnl_free
                0x000000004007e51c                krnl_run_queue
                0x000000004007e520                krnl_rt_queue
                0x000000004007e524                krnl_schedule
                0x000000004007e528                krnl_delay_queue

.reginfo        0x0000000000000000       0x18
 .reginfo       0x0000000000000000       0x18 app2.o

.mdebug.abi32   0x0000000000000000        0x0
 .mdebug.abi32  0x0000000000000000        0x0 app2.o
 .mdebug.abi32  0x0000000000000000        0x0 hal.o
 .mdebug.abi32  0x0000000000000000        0x0 interrupt.o
 .mdebug.abi32  0x0000000000000000        0x0 kprintf.o
 .mdebug.abi32  0x0000000000000000        0x0 libc.o
 .mdebug.abi32  0x0000000000000000        0x0 main.o
 .mdebug.abi32  0x0000000000000000        0x0 malloc.o
 .mdebug.abi32  0x0000000000000000        0x0 mutex.o
 .mdebug.abi32  0x0000000000000000        0x0 panic.o
 .mdebug.abi32  0x0000000000000000        0x0 processor.o
 .mdebug.abi32  0x0000000000000000        0x0 queue.o
 .mdebug.abi32  0x0000000000000000        0x0 scheduler.o
 .mdebug.abi32  0x0000000000000000        0x0 task.o

.comment        0x0000000000000000       0x11
 .comment       0x0000000000000000       0x11 app2.o
                                         0x12 (size before relaxing)
 .comment       0x0000000000000000       0x12 hal.o
 .comment       0x0000000000000000       0x12 interrupt.o
 .comment       0x0000000000000000       0x12 kprintf.o
 .comment       0x0000000000000000       0x12 libc.o
 .comment       0x0000000000000000       0x12 main.o
 .comment       0x0000000000000000       0x12 malloc.o
 .comment       0x0000000000000000       0x12 mutex.o
 .comment       0x0000000000000000       0x12 panic.o
 .comment       0x0000000000000000       0x12 processor.o
 .comment       0x0000000000000000       0x12 queue.o
 .comment       0x0000000000000000       0x12 scheduler.o
 .comment       0x0000000000000000       0x12 task.o

.gnu.attributes
                0x0000000000000000       0x10
 .gnu.attributes
                0x0000000000000000       0x10 app2.o
 .gnu.attributes
                0x0000000000000010       0x10 hal.o
 .gnu.attributes
                0x0000000000000020       0x10 interrupt.o
 .gnu.attributes
                0x0000000000000030       0x10 kprintf.o
 .gnu.attributes
                0x0000000000000040       0x10 libc.o
 .gnu.attributes
                0x0000000000000050       0x10 main.o
 .gnu.attributes
                0x0000000000000060       0x10 malloc.o
 .gnu.attributes
                0x0000000000000070       0x10 mutex.o
 .gnu.attributes
                0x0000000000000080       0x10 panic.o
 .gnu.attributes
                0x0000000000000090       0x10 processor.o
 .gnu.attributes
                0x00000000000000a0       0x10 queue.o
 .gnu.attributes
                0x00000000000000b0       0x10 scheduler.o
 .gnu.attributes
                0x00000000000000c0       0x10 task.o

.scommon        0x0000000000000000        0x0
 .scommon       0x0000000000000000        0x0 hal.o
 .scommon       0x0000000000000000        0x0 interrupt.o
 .scommon       0x0000000000000000        0x0 main.o
 .scommon       0x0000000000000000        0x0 malloc.o
 .scommon       0x0000000000000000        0x0 panic.o
 .scommon       0x0000000000000000        0x0 processor.o
 .scommon       0x0000000000000000        0x0 scheduler.o
 .scommon       0x0000000000000000        0x0 task.o
